[1/1] Linking CXX shared library ..\..\..\..\build\intermediates\cmake\debug\obj\armeabi-v7a\libMyGame.so
FAILED: ../../../../build/intermediates/cmake/debug/obj/armeabi-v7a/libMyGame.so 
cmd.exe /C "cd . && E:\AndriodSDK\ndk\16.1.4479499\toolchains\llvm\prebuilt\windows-x86_64\bin\clang++.exe --target=armv7-none-linux-androideabi --gcc-toolchain=E:/AndriodSDK/ndk/16.1.4479499/toolchains/arm-linux-androideabi-4.9/prebuilt/windows-x86_64 --sysroot=E:/AndriodSDK/ndk/16.1.4479499/sysroot -fPIC -isystem E:/AndriodSDK/ndk/16.1.4479499/sysroot/usr/include/arm-linux-androideabi -D__ANDROID_API__=16 -g -DANDROID -ffunction-sections -funwind-tables -fstack-protector-strong -no-canonical-prefixes -march=armv7-a -mfloat-abi=softfp -mfpu=vfpv3-d16 -fno-integrated-as -mthumb -mfpu=neon -Wa,--noexecstack -Wformat -Werror=format-security -std=c++11 -frtti -fexceptions -fsigned-char -O0 -fno-limit-debug-info  -Wl,--exclude-libs,libgcc.a -Wl,--exclude-libs,libatomic.a --sysroot E:/AndriodSDK/ndk/16.1.4479499/platforms/android-16/arch-arm -Wl,--build-id -Wl,--warn-shared-textrel -Wl,--fatal-warnings -Wl,--fix-cortex-a8 -Wl,--exclude-libs,libunwind.a -LE:/AndriodSDK/ndk/16.1.4479499/sources/cxx-stl/llvm-libc++/libs/armeabi-v7a -Wl,--no-undefined -Wl,-z,noexecstack -Qunused-arguments -Wl,-z,relro -Wl,-z,now -shared -Wl,-soname,libMyGame.so -o ..\..\..\..\build\intermediates\cmake\debug\obj\armeabi-v7a\libMyGame.so @CMakeFiles/MyGame.rsp  && cd ."
../../../../../../Classes/Util/RandomBattleMapGenerator.cpp:257: error: undefined reference to 'RandomBattleMapGenerator::CANNON'
../../../../../../Classes/Util/RandomBattleMapGenerator.cpp:257: error: undefined reference to 'RandomBattleMapGenerator::ARCHER_TOWER'
../../../../../../Classes/Util/RandomBattleMapGenerator.cpp:564: error: undefined reference to 'RandomBattleMapGenerator::BOMB'
../../../../../../Classes/Util/RandomBattleMapGenerator.cpp:564: error: undefined reference to 'RandomBattleMapGenerator::GIANT_BOMB'
clang++.exe: error: linker command failed with exit code 1 (use -v to see invocation)
ninja: build stopped: subcommand failed.
